bun : $ next build
At line:1 char:1
+ bun run build 2>&1 | Out-File -FilePath 
"build-output.txt" -Append ;  ...
+ ~~~~~~~~~~~~~~~~~~
    + CategoryInfo          : NotSpecified: ($ next bu 
   ild:String) [], RemoteException
    + FullyQualifiedErrorId : NativeCommandError
 
   Γû▓ Next.js 15.4.5
   - Environments: .env.local, .env

   Creating an optimized production build ...
 Γ£ô Compiled successfully in 5.0s
   Linting and checking validity of types ...

./src/app/admin/blogs/page.tsx
248:19  Warning: Using `<img>` could result in slower LCP and higher bandwidth. Consider using `<Image />` from `next/image` or a custom image loader to automatically optimize images. This may incur additional usage or cost from your provider. See: https://nextjs.org/docs/messages/no-img-element  @next/next/no-img-element

./src/app/admin/projects/page.tsx
212:19  Warning: Using `<img>` could result in slower LCP and higher bandwidth. Consider using `<Image />` from `next/image` or a custom image loader to automatically optimize images. This may incur additional usage or cost from your provider. See: https://nextjs.org/docs/messages/no-img-element  @next/next/no-img-element

./src/components/Admin/ImageUploadField.tsx
53:11  Warning: Using `<img>` could result in slower LCP and higher bandwidth. Consider using `<Image />` from `next/image` or a custom image loader to automatically optimize images. This may incur additional usage or cost from your provider. See: https://nextjs.org/docs/messages/no-img-element  @next/next/no-img-element

./src/components/ClientsSupport/index.tsx
64:19  Warning: Using `<img>` could result in slower LCP and higher bandwidth. Consider using `<Image />` from `next/image` or a custom image loader to automatically optimize images. This may incur additional usage or cost from your provider. See: https://nextjs.org/docs/messages/no-img-element  @next/next/no-img-element

./src/components/Hero/index.tsx
93:19  Warning: Using `<img>` could result in slower LCP and higher bandwidth. Consider using `<Image />` from `next/image` or a custom image loader to automatically optimize images. This may incur additional usage or cost from your provider. See: https://nextjs.org/docs/messages/no-img-element  @next/next/no-img-element

./src/hooks/useTypewriter.ts
59:6  Warning: React Hook useEffect has missing dependencies: 'delay', 'speed', and 'text'. Either include them or remove the dependency array. If 'setDisplayedText' needs the current value of 'text', you can also switch to useReducer instead of useState and read 'text' in the reducer.  react-hooks/exhaustive-deps

info  - Need to disable some ESLint rules? Learn more here: https://nextjs.org/docs/app/api-reference/config/eslint#disabling-rules
Failed to compile.

./src/app/layout.tsx:19:23
Type error: 'pathname' is possibly 'null'.

[0m [90m 17 |[39m }) {
 [90m 18 |[39m   [36mconst[39m pathname 
[33m=[39m usePathname()[33m;[39m
[31m[1m>[22m[39m[90m 19 |[39m   [36mconst[39m 
isAdminPage [33m=[39m pathname[33m.[39mstartsWith(
[32m"/admin"[39m)[33m;[39m
 [90m    |[39m                       
[31m[1m^[22m[39m
 [90m 20 |[39m
 [90m 21 |[39m   [36mreturn[39m (
 [90m 22 |[39m     [33m<[39m[33mhtml[39m 
suppressHydrationWarning 
lang[33m=[39m[32m"en"[39m[33m>[39m[0m
Next.js build worker exited with code: 1 and signal: 
null
error: script "build" exited with code 1
